Upgrading build.gradle.kts
Running Gradle task 'assembleDebug'...                          
flutter : warning: [options] source value 8 is obsolete and will be removed in a future release
At line:1 char:1
+ flutter build apk --debug *>&1 | Out-File -FilePath build_output.txt; ...
+ ~~~~~~~~~~~~~~~~~~~~~~~~~~~~~~
    + CategoryInfo          : NotSpecified: (warning: [optio... future release:String) [], RemoteException
    + FullyQualifiedErrorId : NativeCommandError
 
warning: [options] target value 8 is obsolete and will be removed in a future release
warning: [options] To suppress warnings about obsolete options, use -Xlint:-options.
3 warnings
warning: [options] source value 8 is obsolete and will be removed in a future release
warning: [options] target value 8 is obsolete and will be removed in a future release
warning: [options] To suppress warnings about obsolete options, use -Xlint:-options.
3 warnings
Running Gradle task 'assembleDebug'...                            176.6s
ΓêÜ Built build\app\outputs\flutter-apk\app-debug.apk
